
[TestFlameScope - 1]
go 0 [0] 0.000000: cpu-clock:
    104e174e4 runtime.findObject (go)
    104e21ebf runtime.scanobject (go)
    104e216f3 runtime.gcDrain (go)
    104e1dc7f runtime.gcBgMarkWorker.func2 (go)
    104e6b0db runtime.systemstack (go)
    104e1d86f runtime.gcBgMarkWorker (go)
    104e6d523 runtime.goexit (go)

go 0 [0] 0.006759: cpu-clock:
    104e57f1b runtime.madvise (go)
    104e2a50b runtime.sysUsedOS (go)
    104e2a4f4 runtime.sysUsed (go)
    104e2a4b4 runtime.(*mheap).allocSpan (go)
    104e29d5b runtime.(*mheap).alloc.func1 (go)
    104e6b0db runtime.systemstack (go)

go 0 [0] 0.013931: cpu-clock:
    104e2231c runtime.markBits.setMarked (go)
    104e22308 runtime.greyobject (go)
    104e21edb runtime.scanobject (go)
    104e216f3 runtime.gcDrain (go)
    104e1dc7f runtime.gcBgMarkWorker.func2 (go)
    104e6b0db runtime.systemstack (go)
    104e1d86f runtime.gcBgMarkWorker (go)
    104e6d523 runtime.goexit (go)

go 0 [0] 0.023658: cpu-clock:
    104e57f1b runtime.madvise (go)
    104e2a50b runtime.sysUsedOS (go)
    104e2a4f4 runtime.sysUsed (go)
    104e2a4b4 runtime.(*mheap).allocSpan (go)
    104e29d5b runtime.(*mheap).alloc.func1 (go)
    104e6b0db runtime.systemstack (go)

go 0 [0] 0.033895: cpu-clock:
    104e57f1b runtime.madvise (go)
    104e2a50b runtime.sysUsedOS (go)
    104e2a4f4 runtime.sysUsed (go)
    104e2a4b4 runtime.(*mheap).allocSpan (go)
    104e29d5b runtime.(*mheap).alloc.func1 (go)
    104e6b0db runtime.systemstack (go)

go 0 [0] 0.042942: cpu-clock:
    104e21e3c runtime.scanobject (go)
    104e216f3 runtime.gcDrain (go)
    104e1dba3 runtime.gcBgMarkWorker.func2 (go)
    104e6b0db runtime.systemstack (go)
    104e1d86f runtime.gcBgMarkWorker (go)
    104e6d523 runtime.goexit (go)

go 0 [0] 0.043843: cpu-clock:
    104e57e1b runtime.pthread_kill (go)
    104e4ecbb runtime.signalM (go)
    104e4eca4 runtime.preemptM (go)
    104e4707b runtime.preemptone (go)
    104e23597 runtime.(*gcControllerState).enlistWorker (go)
    104e2893f runtime.(*gcWork).balance (go)
    104e2165f runtime.gcDrain (go)
    104e1dba3 runtime.gcBgMarkWorker.func2 (go)
    104e6b0db runtime.systemstack (go)

go 0 [0] 0.052730: cpu-clock:
    104e57f1b runtime.madvise (go)
    104e2a50b runtime.sysUsedOS (go)
    104e2a4f4 runtime.sysUsed (go)
    104e2a4b4 runtime.(*mheap).allocSpan (go)
    104e29d5b runtime.(*mheap).alloc.func1 (go)
    104e6b0db runtime.systemstack (go)

go 0 [0] 0.062794: cpu-clock:
    104e57f1b runtime.madvise (go)
    104e2a50b runtime.sysUsedOS (go)
    104e2a4f4 runtime.sysUsed (go)
    104e2a4b4 runtime.(*mheap).allocSpan (go)
    104e29d5b runtime.(*mheap).alloc.func1 (go)
    104e6b0db runtime.systemstack (go)

go 0 [0] 0.072104: cpu-clock:
    104e584ef runtime.pthread_cond_wait (go)
    104e35837 runtime.semasleep (go)
    104e0edf7 runtime.notesleep (go)
    104e3f4e3 runtime.mPark (go)
    104e3f4d8 runtime.stopm (go)
    104e40edf runtime.findRunnable (go)
    104e41e87 runtime.schedule (go)
    104e42373 runtime.park_m (go)
    104e6b043 runtime.mcall (go)

go 0 [0] 0.073347: cpu-clock:
    104e2165c runtime.gcDrain (go)
    104e1dba3 runtime.gcBgMarkWorker.func2 (go)
    104e6b0db runtime.systemstack (go)
    104e1d86f runtime.gcBgMarkWorker (go)
    104e6d523 runtime.goexit (go)

go 0 [0] 0.080384: cpu-clock:
    104e5c8f8 runtime.(*traceBuf).varint (go)
    104e5c708 runtime.traceEventLocked (go)
    104e5c4db runtime.traceEvent (go)
    104e5ecb7 runtime.traceHeapAlloc (go)
    104e23b63 runtime.(*gcControllerState).update (go)
    104e192c3 runtime.(*mcache).refill (go)
    104e0fe03 runtime.(*mcache).nextFree (go)
    104e10387 runtime.mallocgc (go)
    104e6608b reflect.unsafe_New (go)
    104ed322f reflect.copyVal (go)
    104ed2cbb reflect.(*MapIter).Value (go)
    1050f5617 encoding/json.mapEncoder.encode (go)
    1050f2e0f encoding/json.(*encodeState).reflectValue (go)
    1050f4dbb encoding/json.interfaceEncoder (go)
    1050f5707 encoding/json.mapEncoder.encode (go)
    1050f2e0f encoding/json.(*encodeState).reflectValue (go)
    1050f4dbb encoding/json.interfaceEncoder (go)
    1050f5707 encoding/json.mapEncoder.encode (go)
    1050f2e0f encoding/json.(*encodeState).reflectValue (go)
    1050f4dbb encoding/json.interfaceEncoder (go)
    1050f5707 encoding/json.mapEncoder.encode (go)
    1050f2e0f encoding/json.(*encodeState).reflectValue (go)
    1050f4dbb encoding/json.interfaceEncoder (go)
    1050f5707 encoding/json.mapEncoder.encode (go)
    1050f2e0f encoding/json.(*encodeState).reflectValue (go)
    1050f4dbb encoding/json.interfaceEncoder (go)
    1050f66bf encoding/json.arrayEncoder.encode (go)
    1050f622f encoding/json.sliceEncoder.encode (go)
    1050f2e0f encoding/json.(*encodeState).reflectValue (go)
    1050f4dbb encoding/json.interfaceEncoder (go)
    1050f5707 encoding/json.mapEncoder.encode (go)
    1050f2e0f encoding/json.(*encodeState).reflectValue (go)
    1050f295f encoding/json.(*encodeState).marshal (go)
    1050f1fa3 encoding/json.Marshal (go)
    105104d73 encoding/json.TestUnmarshalMarshal (go)
    104f0f343 testing.tRunner (go)
    104e6d523 runtime.goexit (go)

go 0 [0] 0.091006: cpu-clock:
    104e57ebb runtime.mmap (go)
    104e1a1fb runtime.sysAllocOS (go)
    104e1a200 runtime.sysAlloc (go)
    104e2c457 runtime.newArenaMayUnlock (go)
    104e2c0b3 runtime.newMarkBits (go)
    104e2a85f runtime.(*mheap).initSpan (go)
    104e2a49f runtime.(*mheap).allocSpan (go)
    104e29d5b runtime.(*mheap).alloc.func1 (go)
    104e6b0db runtime.systemstack (go)

go 0 [0] 0.099230: cpu-clock:
    104e584ef runtime.pthread_cond_wait (go)
    104e35837 runtime.semasleep (go)
    104e0edf7 runtime.notesleep (go)
    104e3f4e3 runtime.mPark (go)
    104e3f4d8 runtime.stopm (go)
    104e40edf runtime.findRunnable (go)
    104e41e87 runtime.schedule (go)
    104e4280f runtime.preemptPark (go)
    104e52c6b runtime.newstack (go)
    104e6b18f runtime.morestack (go)

go 0 [0] 0.108584: cpu-clock:
    104e5856f runtime.pthread_cond_signal (go)
    104e35967 runtime.semawakeup (go)
    104e0ed03 runtime.notewakeup (go)
    104e3f733 runtime.startm (go)
    104e3fd8f runtime.wakep (go)
    104e3c863 runtime.ready (go)
    104e3b627 runtime.goready.func1 (go)
    104e6b0db runtime.systemstack (go)

go 0 [0] 0.118534: cpu-clock:
    104e5856f runtime.pthread_cond_signal (go)
    104e35967 runtime.semawakeup (go)
    104e0ed03 runtime.notewakeup (go)
    104e3f733 runtime.startm (go)
    104e3fd8f runtime.wakep (go)
    104e3c863 runtime.ready (go)
    104e3b627 runtime.goready.func1 (go)
    104e6b0db runtime.systemstack (go)

go 0 [0] 0.129200: cpu-clock:
    104efc048 math/rand.(*Rand).Int31n (go)
    104efc1af math/rand.(*Rand).Intn (go)
    105112707 math/rand.Intn (go)
    1051126f4 encoding/json.genValue (go)
    1051129f7 encoding/json.genArray (go)
    1051127cb encoding/json.genValue (go)
    1051129f7 encoding/json.genArray (go)
    1051127cb encoding/json.genValue (go)
    105112b4b encoding/json.genMap (go)
    1051127ab encoding/json.genValue (go)
    105112b4b encoding/json.genMap (go)
    1051127ab encoding/json.genValue (go)
    105112b4b encoding/json.genMap (go)
    1051127ab encoding/json.genValue (go)
    10511260b encoding/json.initBig (go)
    105111d33 encoding/json.TestCompactBig (go)
    104f0f343 testing.tRunner (go)
    104e6d523 runtime.goexit (go)

go 0 [0] 0.136231: cpu-clock:
    104e2fcb8 runtime/internal/atomic.(*UnsafePointer).Load (go)
    104e2fc0c runtime.stkbucket (go)
    104e3033f runtime.mProf_Malloc (go)
    104e10a93 runtime.profilealloc (go)
    104e105df runtime.mallocgc (go)
    104e162e3 runtime.newobject (go)
    104e162d0 runtime.mapassign_faststr (go)
    105112b6b encoding/json.genMap (go)
    1051127ab encoding/json.genValue (go)
    105112b4b encoding/json.genMap (go)
    1051127ab encoding/json.genValue (go)
    1051129f7 encoding/json.genArray (go)
    1051127cb encoding/json.genValue (go)
    1051129f7 encoding/json.genArray (go)
    1051127cb encoding/json.genValue (go)
    105112b4b encoding/json.genMap (go)
    1051127ab encoding/json.genValue (go)
    1051129f7 encoding/json.genArray (go)
    1051127cb encoding/json.genValue (go)
    1051129f7 encoding/json.genArray (go)
    1051127cb encoding/json.genValue (go)
    105112b4b encoding/json.genMap (go)
    1051127ab encoding/json.genValue (go)
    1051129f7 encoding/json.genArray (go)
    1051127cb encoding/json.genValue (go)
    1051129f7 encoding/json.genArray (go)
    1051127cb encoding/json.genValue (go)
    105112b4b encoding/json.genMap (go)
    1051127ab encoding/json.genValue (go)
    105112b4b encoding/json.genMap (go)
    1051127ab encoding/json.genValue (go)
    105112b4b encoding/json.genMap (go)
    1051127ab encoding/json.genValue (go)
    1051129f7 encoding/json.genArray (go)
    1051127cb encoding/json.genValue (go)
    105112b4b encoding/json.genMap (go)
    1051127ab encoding/json.genValue (go)
    1051129f7 encoding/json.genArray (go)
    1051127cb encoding/json.genValue (go)
    1051129f7 encoding/json.genArray (go)
    1051127cb encoding/json.genValue (go)
    105112b4b encoding/json.genMap (go)
    1051127ab encoding/json.genValue (go)
    1051129f7 encoding/json.genArray (go)
    1051127cb encoding/json.genValue (go)
    105112b4b encoding/json.genMap (go)
    1051127ab encoding/json.genValue (go)
    105112b4b encoding/json.genMap (go)
    1051127ab encoding/json.genValue (go)
    1051129f7 encoding/json.genArray (go)
    1051127cb encoding/json.genValue (go)
    1051129f7 encoding/json.genArray (go)
    1051127cb encoding/json.genValue (go)
    105112b4b encoding/json.genMap (go)
    1051127ab encoding/json.genValue (go)
    1051129f7 encoding/json.genArray (go)
    1051127cb encoding/json.genValue (go)
    105112b4b encoding/json.genMap (go)
    1051127ab encoding/json.genValue (go)
    1051129f7 encoding/json.genArray (go)
    1051127cb encoding/json.genValue (go)
    105112b4b encoding/json.genMap (go)
    1051127ab encoding/json.genValue (go)
    1051129f7 encoding/json.genArray (go)

go 0 [0] 0.143078: cpu-clock:
    105112ae0 encoding/json.genMap (go)
    1051127ab encoding/json.genValue (go)
    1051129f7 encoding/json.genArray (go)
    1051127cb encoding/json.genValue (go)
    105112b4b encoding/json.genMap (go)
    1051127ab encoding/json.genValue (go)
    1051129f7 encoding/json.genArray (go)
    1051127cb encoding/json.genValue (go)
    1051129f7 encoding/json.genArray (go)
    1051127cb encoding/json.genValue (go)
    105112b4b encoding/json.genMap (go)
    1051127ab encoding/json.genValue (go)
    1051129f7 encoding/json.genArray (go)
    1051127cb encoding/json.genValue (go)
    105112b4b encoding/json.genMap (go)
    1051127ab encoding/json.genValue (go)
    105112b4b encoding/json.genMap (go)
    1051127ab encoding/json.genValue (go)
    1051129f7 encoding/json.genArray (go)
    1051127cb encoding/json.genValue (go)
    1051129f7 encoding/json.genArray (go)
    1051127cb encoding/json.genValue (go)
    105112b4b encoding/json.genMap (go)
    1051127ab encoding/json.genValue (go)
    105112b4b encoding/json.genMap (go)
    1051127ab encoding/json.genValue (go)
    105112b4b encoding/json.genMap (go)
    1051127ab encoding/json.genValue (go)
    10511260b encoding/json.initBig (go)
    105111d33 encoding/json.TestCompactBig (go)
    104f0f343 testing.tRunner (go)
    104e6d523 runtime.goexit (go)

go 0 [0] 0.143711: cpu-clock:
    104e0e9d4 runtime.lock2 (go)
    104e4241f runtime.lockWithRank (go)
    104e42410 runtime.lock (go)
    104e4240c runtime.goschedImpl (go)
    104e42727 runtime.gopreempt_m (go)
    104e52c73 runtime.newstack (go)
    104e6b18f runtime.morestack (go)

go 0 [0] 0.153856: cpu-clock:
    104e10094 runtime.mallocgc (go)
    104e6608b reflect.unsafe_New (go)
    104ed322f reflect.copyVal (go)
    104ed2a9b reflect.(*MapIter).Key (go)
    1050f55b7 encoding/json.mapEncoder.encode (go)
    1050f2e0f encoding/json.(*encodeState).reflectValue (go)
    1050f4dbb encoding/json.interfaceEncoder (go)
    1050f66bf encoding/json.arrayEncoder.encode (go)
    1050f622f encoding/json.sliceEncoder.encode (go)
    1050f2e0f encoding/json.(*encodeState).reflectValue (go)
    1050f4dbb encoding/json.interfaceEncoder (go)
    1050f66bf encoding/json.arrayEncoder.encode (go)
    1050f622f encoding/json.sliceEncoder.encode (go)
    1050f2e0f encoding/json.(*encodeState).reflectValue (go)
    1050f4dbb encoding/json.interfaceEncoder (go)
    1050f5707 encoding/json.mapEncoder.encode (go)
    1050f2e0f encoding/json.(*encodeState).reflectValue (go)
    1050f4dbb encoding/json.interfaceEncoder (go)
    1050f5707 encoding/json.mapEncoder.encode (go)
    1050f2e0f encoding/json.(*encodeState).reflectValue (go)
    1050f4dbb encoding/json.interfaceEncoder (go)
    1050f5707 encoding/json.mapEncoder.encode (go)
    1050f2e0f encoding/json.(*encodeState).reflectValue (go)
    1050f4dbb encoding/json.interfaceEncoder (go)
    1050f66bf encoding/json.arrayEncoder.encode (go)
    1050f622f encoding/json.sliceEncoder.encode (go)
    1050f2e0f encoding/json.(*encodeState).reflectValue (go)
    1050f4dbb encoding/json.interfaceEncoder (go)
    1050f66bf encoding/json.arrayEncoder.encode (go)
    1050f622f encoding/json.sliceEncoder.encode (go)
    1050f2e0f encoding/json.(*encodeState).reflectValue (go)
    1050f4dbb encoding/json.interfaceEncoder (go)
    1050f66bf encoding/json.arrayEncoder.encode (go)
    1050f622f encoding/json.sliceEncoder.encode (go)
    1050f2e0f encoding/json.(*encodeState).reflectValue (go)
    1050f4dbb encoding/json.interfaceEncoder (go)
    1050f5707 encoding/json.mapEncoder.encode (go)
    1050f2e0f encoding/json.(*encodeState).reflectValue (go)
    1050f4dbb encoding/json.interfaceEncoder (go)
    1050f66bf encoding/json.arrayEncoder.encode (go)
    1050f622f encoding/json.sliceEncoder.encode (go)
    1050f2e0f encoding/json.(*encodeState).reflectValue (go)
    1050f4dbb encoding/json.interfaceEncoder (go)
    1050f5707 encoding/json.mapEncoder.encode (go)
    1050f2e0f encoding/json.(*encodeState).reflectValue (go)
    1050f4dbb encoding/json.interfaceEncoder (go)
    1050f66bf encoding/json.arrayEncoder.encode (go)
    1050f622f encoding/json.sliceEncoder.encode (go)
    1050f2e0f encoding/json.(*encodeState).reflectValue (go)
    1050f4dbb encoding/json.interfaceEncoder (go)
    1050f5707 encoding/json.mapEncoder.encode (go)
    1050f2e0f encoding/json.(*encodeState).reflectValue (go)
    1050f4dbb encoding/json.interfaceEncoder (go)
    1050f66bf encoding/json.arrayEncoder.encode (go)
    1050f622f encoding/json.sliceEncoder.encode (go)
    1050f2e0f encoding/json.(*encodeState).reflectValue (go)
    1050f4dbb encoding/json.interfaceEncoder (go)
    1050f66bf encoding/json.arrayEncoder.encode (go)
    1050f622f encoding/json.sliceEncoder.encode (go)
    1050f2e0f encoding/json.(*encodeState).reflectValue (go)
    1050f4dbb encoding/json.interfaceEncoder (go)
    1050f66bf encoding/json.arrayEncoder.encode (go)
    1050f622f encoding/json.sliceEncoder.encode (go)
    1050f2e0f encoding/json.(*encodeState).reflectValue (go)

go 0 [0] 0.163852: cpu-clock:
    104e104d4 runtime.mallocgc (go)
    104e50b7f runtime.makeslice (go)
    1050f553b encoding/json.mapEncoder.encode (go)
    1050f2e0f encoding/json.(*encodeState).reflectValue (go)
    1050f4dbb encoding/json.interfaceEncoder (go)
    1050f5707 encoding/json.mapEncoder.encode (go)
    1050f2e0f encoding/json.(*encodeState).reflectValue (go)
    1050f4dbb encoding/json.interfaceEncoder (go)
    1050f66bf encoding/json.arrayEncoder.encode (go)
    1050f622f encoding/json.sliceEncoder.encode (go)
    1050f2e0f encoding/json.(*encodeState).reflectValue (go)
    1050f4dbb encoding/json.interfaceEncoder (go)
    1050f5707 encoding/json.mapEncoder.encode (go)
    1050f2e0f encoding/json.(*encodeState).reflectValue (go)
    1050f4dbb encoding/json.interfaceEncoder (go)
    1050f66bf encoding/json.arrayEncoder.encode (go)
    1050f622f encoding/json.sliceEncoder.encode (go)
    1050f2e0f encoding/json.(*encodeState).reflectValue (go)
    1050f4dbb encoding/json.interfaceEncoder (go)
    1050f66bf encoding/json.arrayEncoder.encode (go)
    1050f622f encoding/json.sliceEncoder.encode (go)
    1050f2e0f encoding/json.(*encodeState).reflectValue (go)
    1050f4dbb encoding/json.interfaceEncoder (go)
    1050f5707 encoding/json.mapEncoder.encode (go)
    1050f2e0f encoding/json.(*encodeState).reflectValue (go)
    1050f4dbb encoding/json.interfaceEncoder (go)
    1050f5707 encoding/json.mapEncoder.encode (go)
    1050f2e0f encoding/json.(*encodeState).reflectValue (go)
    1050f4dbb encoding/json.interfaceEncoder (go)
    1050f66bf encoding/json.arrayEncoder.encode (go)
    1050f622f encoding/json.sliceEncoder.encode (go)
    1050f2e0f encoding/json.(*encodeState).reflectValue (go)
    1050f4dbb encoding/json.interfaceEncoder (go)
    1050f5707 encoding/json.mapEncoder.encode (go)
    1050f2e0f encoding/json.(*encodeState).reflectValue (go)
    1050f4dbb encoding/json.interfaceEncoder (go)
    1050f66bf encoding/json.arrayEncoder.encode (go)
    1050f622f encoding/json.sliceEncoder.encode (go)
    1050f2e0f encoding/json.(*encodeState).reflectValue (go)
    1050f4dbb encoding/json.interfaceEncoder (go)
    1050f66bf encoding/json.arrayEncoder.encode (go)
    1050f622f encoding/json.sliceEncoder.encode (go)
    1050f2e0f encoding/json.(*encodeState).reflectValue (go)
    1050f4dbb encoding/json.interfaceEncoder (go)
    1050f5707 encoding/json.mapEncoder.encode (go)
    1050f2e0f encoding/json.(*encodeState).reflectValue (go)
    1050f4dbb encoding/json.interfaceEncoder (go)
    1050f66bf encoding/json.arrayEncoder.encode (go)
    1050f622f encoding/json.sliceEncoder.encode (go)
    1050f2e0f encoding/json.(*encodeState).reflectValue (go)
    1050f4dbb encoding/json.interfaceEncoder (go)
    1050f66bf encoding/json.arrayEncoder.encode (go)
    1050f622f encoding/json.sliceEncoder.encode (go)
    1050f2e0f encoding/json.(*encodeState).reflectValue (go)
    1050f4dbb encoding/json.interfaceEncoder (go)
    1050f66bf encoding/json.arrayEncoder.encode (go)
    1050f622f encoding/json.sliceEncoder.encode (go)
    1050f2e0f encoding/json.(*encodeState).reflectValue (go)
    1050f4dbb encoding/json.interfaceEncoder (go)
    1050f5707 encoding/json.mapEncoder.encode (go)
    1050f2e0f encoding/json.(*encodeState).reflectValue (go)
    1050f295f encoding/json.(*encodeState).marshal (go)
    1050f1fa3 encoding/json.Marshal (go)
    10511260f encoding/json.initBig (go)

go 0 [0] 0.176555: cpu-clock:
    1050fb868 encoding/json.stateInStringEscU (go)
    1050f95c3 encoding/json.compact (go)
    105111d63 encoding/json.Compact (go)
    105111d40 encoding/json.TestCompactBig (go)
    104f0f343 testing.tRunner (go)
    104e6d523 runtime.goexit (go)

go 0 [0] 0.183845: cpu-clock:
    104e583bf runtime.kevent (go)
    104e3548b runtime.netpoll (go)
    104e3da63 runtime.startTheWorldWithSema (go)
    104e1c42b runtime.gcStart.func2 (go)
    104e6b0db runtime.systemstack (go)

go 0 [0] 0.186744: cpu-clock:
    104e57f1b runtime.madvise (go)
    104e2a50b runtime.sysUsedOS (go)
    104e2a4f4 runtime.sysUsed (go)
    104e2a4b4 runtime.(*mheap).allocSpan (go)
    104e29d5b runtime.(*mheap).alloc.func1 (go)
    104e6b0db runtime.systemstack (go)

go 0 [0] 0.189991: cpu-clock:
    104e5803b runtime.usleep (go)
    104e0ea43 runtime.osyield (go)
    104e0ea38 runtime.lock2 (go)
    104e4241f runtime.lockWithRank (go)
    104e42410 runtime.lock (go)
    104e4240c runtime.goschedImpl (go)
    104e42727 runtime.gopreempt_m (go)
    104e52c73 runtime.newstack (go)
    104e6b18f runtime.morestack (go)

go 0 [0] 0.192907: cpu-clock:
    104e644d0 runtime.encoderune (go)
    104e54b93 runtime.slicerunetostring (go)
    10510c257 encoding/json.TestStringBytes (go)
    104f0f343 testing.tRunner (go)
    104e6d523 runtime.goexit (go)

go 0 [0] 0.196258: cpu-clock:
    104efc008 math/rand.(*Rand).Int31n (go)
    104efc1af math/rand.(*Rand).Intn (go)
    1051126e7 math/rand.Intn (go)
    1051126d4 encoding/json.genValue (go)
    105112b4b encoding/json.genMap (go)
    1051127ab encoding/json.genValue (go)
    105112b4b encoding/json.genMap (go)
    1051127ab encoding/json.genValue (go)
    1051129f7 encoding/json.genArray (go)
    1051127cb encoding/json.genValue (go)
    105112b4b encoding/json.genMap (go)
    1051127ab encoding/json.genValue (go)
    105112b4b encoding/json.genMap (go)
    1051127ab encoding/json.genValue (go)
    1051129f7 encoding/json.genArray (go)
    1051127cb encoding/json.genValue (go)
    1051129f7 encoding/json.genArray (go)
    1051127cb encoding/json.genValue (go)
    105112b4b encoding/json.genMap (go)
    1051127ab encoding/json.genValue (go)
    105112b4b encoding/json.genMap (go)
    1051127ab encoding/json.genValue (go)
    1051129f7 encoding/json.genArray (go)
    1051127cb encoding/json.genValue (go)
    105112b4b encoding/json.genMap (go)
    1051127ab encoding/json.genValue (go)
    105112b4b encoding/json.genMap (go)
    1051127ab encoding/json.genValue (go)
    105112b4b encoding/json.genMap (go)
    1051127ab encoding/json.genValue (go)
    1051129f7 encoding/json.genArray (go)
    1051127cb encoding/json.genValue (go)
    10511260b encoding/json.initBig (go)
    105111ecb encoding/json.TestIndentBig (go)
    104f0f343 testing.tRunner (go)
    104e6d523 runtime.goexit (go)

go 0 [0] 0.199073: cpu-clock:
    104e57f1b runtime.madvise (go)
    104e2a50b runtime.sysUsedOS (go)
    104e2a4f4 runtime.sysUsed (go)
    104e2a4b4 runtime.(*mheap).allocSpan (go)
    104e29d5b runtime.(*mheap).alloc.func1 (go)
    104e6b0db runtime.systemstack (go)

go 0 [0] 0.200149: cpu-clock:
    104e57e1b runtime.pthread_kill (go)
    104e4ecbb runtime.signalM (go)
    104e4eca4 runtime.preemptM (go)
    104e4707b runtime.preemptone (go)
    104e23597 runtime.(*gcControllerState).enlistWorker (go)
    104e2893f runtime.(*gcWork).balance (go)
    104e2165f runtime.gcDrain (go)
    104e1dc7f runtime.gcBgMarkWorker.func2 (go)
    104e6b0db runtime.systemstack (go)

go 0 [0] 0.204606: cpu-clock:
    104e57f1b runtime.madvise (go)
    104e2a50b runtime.sysUsedOS (go)
    104e2a4f4 runtime.sysUsed (go)
    104e2a4b4 runtime.(*mheap).allocSpan (go)
    104e29d5b runtime.(*mheap).alloc.func1 (go)
    104e6b0db runtime.systemstack (go)

go 0 [0] 0.208022: cpu-clock:
    104e2fcb8 runtime/internal/atomic.(*UnsafePointer).Load (go)
    104e2fc0c runtime.stkbucket (go)
    104e3033f runtime.mProf_Malloc (go)
    104e10a93 runtime.profilealloc (go)
    104e105df runtime.mallocgc (go)
    104e162e3 runtime.newobject (go)
    104e162d0 runtime.mapassign_faststr (go)
    105112b6b encoding/json.genMap (go)
    1051127ab encoding/json.genValue (go)
    105112b4b encoding/json.genMap (go)
    1051127ab encoding/json.genValue (go)
    1051129f7 encoding/json.genArray (go)
    1051127cb encoding/json.genValue (go)
    105112b4b encoding/json.genMap (go)
    1051127ab encoding/json.genValue (go)
    1051129f7 encoding/json.genArray (go)
    1051127cb encoding/json.genValue (go)
    105112b4b encoding/json.genMap (go)
    1051127ab encoding/json.genValue (go)
    105112b4b encoding/json.genMap (go)
    1051127ab encoding/json.genValue (go)
    105112b4b encoding/json.genMap (go)
    1051127ab encoding/json.genValue (go)
    105112b4b encoding/json.genMap (go)
    1051127ab encoding/json.genValue (go)
    1051129f7 encoding/json.genArray (go)
    1051127cb encoding/json.genValue (go)
    1051129f7 encoding/json.genArray (go)
    1051127cb encoding/json.genValue (go)
    10511260b encoding/json.initBig (go)
    105111ecb encoding/json.TestIndentBig (go)
    104f0f343 testing.tRunner (go)
    104e6d523 runtime.goexit (go)

go 0 [0] 0.210525: cpu-clock:
    104e22408 runtime.(*gcWork).putFast (go)
    104e22434 runtime.greyobject (go)
    104e21edb runtime.scanobject (go)
    104e216f3 runtime.gcDrain (go)
    104e1dbcf runtime.gcBgMarkWorker.func2 (go)
    104e6b0db runtime.systemstack (go)
    104e1d86f runtime.gcBgMarkWorker (go)
    104e6d523 runtime.goexit (go)

go 0 [0] 0.213140: cpu-clock:
    104e57f1b runtime.madvise (go)
    104e2a50b runtime.sysUsedOS (go)
    104e2a4f4 runtime.sysUsed (go)
    104e2a4b4 runtime.(*mheap).allocSpan (go)
    104e29d5b runtime.(*mheap).alloc.func1 (go)
    104e6b0db runtime.systemstack (go)

go 0 [0] 0.216925: cpu-clock:
    104e57f1b runtime.madvise (go)
    104e2a50b runtime.sysUsedOS (go)
    104e2a4f4 runtime.sysUsed (go)
    104e2a4b4 runtime.(*mheap).allocSpan (go)
    104e29d5b runtime.(*mheap).alloc.func1 (go)
    104e6b0db runtime.systemstack (go)

go 0 [0] 0.220830: cpu-clock:
    104e57f1b runtime.madvise (go)
    104e2a50b runtime.sysUsedOS (go)
    104e2a4f4 runtime.sysUsed (go)
    104e2a4b4 runtime.(*mheap).allocSpan (go)
    104e29d5b runtime.(*mheap).alloc.func1 (go)
    104e6b0db runtime.systemstack (go)

go 0 [0] 0.222191: cpu-clock:
    104e584ef runtime.pthread_cond_wait (go)
    104e35837 runtime.semasleep (go)
    104e0edf7 runtime.notesleep (go)
    104e3f4e3 runtime.mPark (go)
    104e3f4d8 runtime.stopm (go)
    104e40edf runtime.findRunnable (go)
    104e41e87 runtime.schedule (go)
    104e42373 runtime.park_m (go)
    104e6b043 runtime.mcall (go)

go 0 [0] 0.228400: cpu-clock:
    104e57f1b runtime.madvise (go)
    104e2a50b runtime.sysUsedOS (go)
    104e2a4f4 runtime.sysUsed (go)
    104e2a4b4 runtime.(*mheap).allocSpan (go)
    104e29d5b runtime.(*mheap).alloc.func1 (go)
    104e6b0db runtime.systemstack (go)

go 0 [0] 0.231998: cpu-clock:
    104e57f1b runtime.madvise (go)
    104e2a50b runtime.sysUsedOS (go)
    104e2a4f4 runtime.sysUsed (go)
    104e2a4b4 runtime.(*mheap).allocSpan (go)
    104e29d5b runtime.(*mheap).alloc.func1 (go)
    104e6b0db runtime.systemstack (go)

go 0 [0] 0.237546: cpu-clock:
    104e57f1b runtime.madvise (go)
    104e2a50b runtime.sysUsedOS (go)
    104e2a4f4 runtime.sysUsed (go)
    104e2a4b4 runtime.(*mheap).allocSpan (go)
    104e29d5b runtime.(*mheap).alloc.func1 (go)
    104e6b0db runtime.systemstack (go)

go 0 [0] 0.252425: cpu-clock:
    104ef74c4 bytes.(*Buffer).WriteString (go)
    1050f98a3 encoding/json.newline (go)
    1050f9b63 encoding/json.Indent (go)
    105111f0b encoding/json.TestIndentBig (go)
    104f0f343 testing.tRunner (go)
    104e6d523 runtime.goexit (go)

go 0 [0] 0.262053: cpu-clock:
    104ef74a0 bytes.(*Buffer).WriteString (go)
    1050f98a3 encoding/json.newline (go)
    1050f9a5b encoding/json.Indent (go)
    105111f0b encoding/json.TestIndentBig (go)
    104f0f343 testing.tRunner (go)
    104e6d523 runtime.goexit (go)

go 0 [0] 0.275097: cpu-clock:
    104ef74bc bytes.(*Buffer).WriteString (go)
    1050f9887 encoding/json.newline (go)
    1050f9a5b encoding/json.Indent (go)
    105111f0b encoding/json.TestIndentBig (go)
    104f0f343 testing.tRunner (go)
    104e6d523 runtime.goexit (go)

go 0 [0] 0.288462: cpu-clock:
    1050faa64 encoding/json.stateBeginStringOrEmpty (go)
    1050f99f7 encoding/json.Indent (go)
    105111feb encoding/json.TestIndentBig (go)
    104f0f343 testing.tRunner (go)
    104e6d523 runtime.goexit (go)

go 0 [0] 0.298462: cpu-clock:
    104ef7494 bytes.(*Buffer).WriteString (go)
    1050f98a3 encoding/json.newline (go)
    1050f9b63 encoding/json.Indent (go)
    105111feb encoding/json.TestIndentBig (go)
    104f0f343 testing.tRunner (go)
    104e6d523 runtime.goexit (go)

go 0 [0] 0.308552: cpu-clock:
    1050f989c encoding/json.newline (go)
    1050f9a5b encoding/json.Indent (go)
    105111feb encoding/json.TestIndentBig (go)
    104f0f343 testing.tRunner (go)
    104e6d523 runtime.goexit (go)

go 0 [0] 0.321492: cpu-clock:
    1050f99c4 encoding/json.Indent (go)
    105111feb encoding/json.TestIndentBig (go)
    104f0f343 testing.tRunner (go)
    104e6d523 runtime.goexit (go)

go 0 [0] 0.338466: cpu-clock:
    1050fba00 encoding/json.stateInStringEscU1 (go)
    1050f95c3 encoding/json.compact (go)
    1051120bf encoding/json.Compact (go)
    1051120c0 encoding/json.TestIndentBig (go)
    104f0f343 testing.tRunner (go)
    104e6d523 runtime.goexit (go)

go 0 [0] 0.349980: cpu-clock:
    1050fad8c encoding/json.stateEndValue (go)
    1050f95c3 encoding/json.compact (go)
    1051120bf encoding/json.Compact (go)
    1051120c0 encoding/json.TestIndentBig (go)
    104f0f343 testing.tRunner (go)
    104e6d523 runtime.goexit (go)

go 0 [0] 0.359988: cpu-clock:
    104e5856f runtime.pthread_cond_signal (go)
    104e35967 runtime.semawakeup (go)
    104e0ed03 runtime.notewakeup (go)
    104e3f733 runtime.startm (go)
    104e3fd8f runtime.wakep (go)
    104e3c863 runtime.ready (go)
    104e3b627 runtime.goready.func1 (go)
    104e6b0db runtime.systemstack (go)


---
